---
source: tests/capture_tests.rs
expression: grid
---
[
    [
        StyledCell {
            ch: 'p',
            fg: None,
            bg: None,
            bold: false,
            reversed: false,
            underlined: false,
        },
        StyledCell {
            ch: 'r',
            fg: None,
            bg: None,
            bold: false,
            reversed: false,
            underlined: false,
        },
        StyledCell {
            ch: 'i',
            fg: None,
            bg: None,
            bold: false,
            reversed: false,
            underlined: false,
        },
        StyledCell {
            ch: 'n',
            fg: None,
            bg: None,
            bold: false,
            reversed: false,
            underlined: false,
        },
        StyledCell {
            ch: 't',
            fg: None,
            bg: None,
            bold: false,
            reversed: false,
            underlined: false,
        },
        StyledCell {
            ch: 'f',
            fg: None,
            bg: None,
            bold: false,
            reversed: false,
            underlined: false,
        },
        StyledCell {
            ch: ' ',
            fg: None,
            bg: None,
            bold: false,
            reversed: false,
            underlined: false,
        },
        StyledCell {
            ch: '\'',
            fg: None,
            bg: None,
            bold: false,
            reversed: false,
            underlined: false,
        },
        StyledCell {
            ch: '\\',
            fg: None,
            bg: None,
            bold: false,
            reversed: false,
            underlined: false,
        },
        StyledCell {
            ch: '0',
            fg: None,
            bg: None,
            bold: false,
            reversed: false,
            underlined: false,
        },
        StyledCell {
            ch: '3',
            fg: None,
            bg: None,
            bold: false,
            reversed: false,
            underlined: false,
        },
        StyledCell {
            ch: '3',
            fg: None,
            bg: None,
            bold: false,
            reversed: false,
            underlined: false,
        },
        StyledCell {
            ch: '[',
            fg: None,
            bg: None,
            bold: false,
            reversed: false,
            underlined: false,
        },
        StyledCell {
            ch: '3',
            fg: None,
            bg: None,
            bold: false,
            reversed: false,
            underlined: false,
        },
        StyledCell {
            ch: '8',
            fg: None,
            bg: None,
            bold: false,
            reversed: false,
            underlined: false,
        },
        StyledCell {
            ch: ';',
            fg: None,
            bg: None,
            bold: false,
            reversed: false,
            underlined: false,
        },
        StyledCell {
            ch: '5',
            fg: None,
            bg: None,
            bold: false,
            reversed: false,
            underlined: false,
        },
        StyledCell {
            ch: ';',
            fg: None,
            bg: None,
            bold: false,
            reversed: false,
            underlined: false,
        },
        StyledCell {
            ch: '1',
            fg: None,
            bg: None,
            bold: false,
            reversed: false,
            underlined: false,
        },
        StyledCell {
            ch: '1',
            fg: None,
            bg: None,
            bold: false,
            reversed: false,
            underlined: false,
        },
        StyledCell {
            ch: '7',
            fg: None,
            bg: None,
            bold: false,
            reversed: false,
            underlined: false,
        },
        StyledCell {
            ch: 'm',
            fg: None,
            bg: None,
            bold: false,
            reversed: false,
            underlined: false,
        },
        StyledCell {
            ch: 'h',
            fg: None,
            bg: None,
            bold: false,
            reversed: false,
            underlined: false,
        },
        StyledCell {
            ch: 'e',
            fg: None,
            bg: None,
            bold: false,
            reversed: false,
            underlined: false,
        },
        StyledCell {
            ch: 'l',
            fg: None,
            bg: None,
            bold: false,
            reversed: false,
            underlined: false,
        },
        StyledCell {
            ch: 'l',
            fg: None,
            bg: None,
            bold: false,
            reversed: false,
            underlined: false,
        },
        StyledCell {
            ch: 'o',
            fg: None,
            bg: None,
            bold: false,
            reversed: false,
            underlined: false,
        },
        StyledCell {
            ch: '\\',
            fg: None,
            bg: None,
            bold: false,
            reversed: false,
            underlined: false,
        },
        StyledCell {
            ch: '0',
            fg: None,
            bg: None,
            bold: false,
            reversed: false,
            underlined: false,
        },
        StyledCell {
            ch: '3',
            fg: None,
            bg: None,
            bold: false,
            reversed: false,
            underlined: false,
        },
        StyledCell {
            ch: '3',
            fg: None,
            bg: None,
            bold: false,
            reversed: false,
            underlined: false,
        },
        StyledCell {
            ch: '[',
            fg: None,
            bg: None,
            bold: false,
            reversed: false,
            underlined: false,
        },
        StyledCell {
            ch: '0',
            fg: None,
            bg: None,
            bold: false,
            reversed: false,
            underlined: false,
        },
        StyledCell {
            ch: 'm',
            fg: None,
            bg: None,
            bold: false,
            reversed: false,
            underlined: false,
        },
        StyledCell {
            ch: '\\',
            fg: None,
            bg: None,
            bold: false,
            reversed: false,
            underlined: false,
        },
        StyledCell {
            ch: 'n',
            fg: None,
            bg: None,
            bold: false,
            reversed: false,
            underlined: false,
        },
        StyledCell {
            ch: '\\',
            fg: None,
            bg: None,
            bold: false,
            reversed: false,
            underlined: false,
        },
        StyledCell {
            ch: '0',
            fg: None,
            bg: None,
            bold: false,
            reversed: false,
            underlined: false,
        },
        StyledCell {
            ch: '3',
            fg: None,
            bg: None,
            bold: false,
            reversed: false,
            underlined: false,
        },
        StyledCell {
            ch: '3',
            fg: None,
            bg: None,
            bold: false,
            reversed: false,
            underlined: false,
        },
    ],
    [
        StyledCell {
            ch: '[',
            fg: None,
            bg: None,
            bold: false,
            reversed: false,
            underlined: false,
        },
        StyledCell {
            ch: '3',
            fg: None,
            bg: None,
            bold: false,
            reversed: false,
            underlined: false,
        },
        StyledCell {
            ch: '8',
            fg: None,
            bg: None,
            bold: false,
            reversed: false,
            underlined: false,
        },
        StyledCell {
            ch: ';',
            fg: None,
            bg: None,
            bold: false,
            reversed: false,
            underlined: false,
        },
        StyledCell {
            ch: '5',
            fg: None,
            bg: None,
            bold: false,
            reversed: false,
            underlined: false,
        },
        StyledCell {
            ch: ';',
            fg: None,
            bg: None,
            bold: false,
            reversed: false,
            underlined: false,
        },
        StyledCell {
            ch: '1',
            fg: None,
            bg: None,
            bold: false,
            reversed: false,
            underlined: false,
        },
        StyledCell {
            ch: '8',
            fg: None,
            bg: None,
            bold: false,
            reversed: false,
            underlined: false,
        },
        StyledCell {
            ch: '0',
            fg: None,
            bg: None,
            bold: false,
            reversed: false,
            underlined: false,
        },
        StyledCell {
            ch: 'm',
            fg: None,
            bg: None,
            bold: false,
            reversed: false,
            underlined: false,
        },
        StyledCell {
            ch: 'w',
            fg: None,
            bg: None,
            bold: false,
            reversed: false,
            underlined: false,
        },
        StyledCell {
            ch: 'o',
            fg: None,
            bg: None,
            bold: false,
            reversed: false,
            underlined: false,
        },
        StyledCell {
            ch: 'r',
            fg: None,
            bg: None,
            bold: false,
            reversed: false,
            underlined: false,
        },
        StyledCell {
            ch: 'l',
            fg: None,
            bg: None,
            bold: false,
            reversed: false,
            underlined: false,
        },
        StyledCell {
            ch: 'd',
            fg: None,
            bg: None,
            bold: false,
            reversed: false,
            underlined: false,
        },
        StyledCell {
            ch: '\\',
            fg: None,
            bg: None,
            bold: false,
            reversed: false,
            underlined: false,
        },
        StyledCell {
            ch: '0',
            fg: None,
            bg: None,
            bold: false,
            reversed: false,
            underlined: false,
        },
        StyledCell {
            ch: '3',
            fg: None,
            bg: None,
            bold: false,
            reversed: false,
            underlined: false,
        },
        StyledCell {
            ch: '3',
            fg: None,
            bg: None,
            bold: false,
            reversed: false,
            underlined: false,
        },
        StyledCell {
            ch: '[',
            fg: None,
            bg: None,
            bold: false,
            reversed: false,
            underlined: false,
        },
        StyledCell {
            ch: '0',
            fg: None,
            bg: None,
            bold: false,
            reversed: false,
            underlined: false,
        },
        StyledCell {
            ch: 'm',
            fg: None,
            bg: None,
            bold: false,
            reversed: false,
            underlined: false,
        },
        StyledCell {
            ch: '\\',
            fg: None,
            bg: None,
            bold: false,
            reversed: false,
            underlined: false,
        },
        StyledCell {
            ch: 'n',
            fg: None,
            bg: None,
            bold: false,
            reversed: false,
            underlined: false,
        },
        StyledCell {
            ch: '\'',
            fg: None,
            bg: None,
            bold: false,
            reversed: false,
            underlined: false,
        },
        StyledCell {
            ch: ' ',
            fg: None,
            bg: None,
            bold: false,
            reversed: false,
            underlined: false,
        },
        StyledCell {
            ch: ' ',
            fg: None,
            bg: None,
            bold: false,
            reversed: false,
            underlined: false,
        },
        StyledCell {
            ch: ' ',
            fg: None,
            bg: None,
            bold: false,
            reversed: false,
            underlined: false,
        },
        StyledCell {
            ch: ' ',
            fg: None,
            bg: None,
            bold: false,
            reversed: false,
            underlined: false,
        },
        StyledCell {
            ch: ' ',
            fg: None,
            bg: None,
            bold: false,
            reversed: false,
            underlined: false,
        },
        StyledCell {
            ch: ' ',
            fg: None,
            bg: None,
            bold: false,
            reversed: false,
            underlined: false,
        },
        StyledCell {
            ch: ' ',
            fg: None,
            bg: None,
            bold: false,
            reversed: false,
            underlined: false,
        },
        StyledCell {
            ch: ' ',
            fg: None,
            bg: None,
            bold: false,
            reversed: false,
            underlined: false,
        },
        StyledCell {
            ch: ' ',
            fg: None,
            bg: None,
            bold: false,
            reversed: false,
            underlined: false,
        },
        StyledCell {
            ch: ' ',
            fg: None,
            bg: None,
            bold: false,
            reversed: false,
            underlined: false,
        },
        StyledCell {
            ch: ' ',
            fg: None,
            bg: None,
            bold: false,
            reversed: false,
            underlined: false,
        },
        StyledCell {
            ch: ' ',
            fg: None,
            bg: None,
            bold: false,
            reversed: false,
            underlined: false,
        },
        StyledCell {
            ch: ' ',
            fg: None,
            bg: None,
            bold: false,
            reversed: false,
            underlined: false,
        },
        StyledCell {
            ch: ' ',
            fg: None,
            bg: None,
            bold: false,
            reversed: false,
            underlined: false,
        },
        StyledCell {
            ch: ' ',
            fg: None,
            bg: None,
            bold: false,
            reversed: false,
            underlined: false,
        },
    ],
    [
        StyledCell {
            ch: 'p',
            fg: None,
            bg: None,
            bold: false,
            reversed: false,
            underlined: false,
        },
        StyledCell {
            ch: 'r',
            fg: None,
            bg: None,
            bold: false,
            reversed: false,
            underlined: false,
        },
        StyledCell {
            ch: 'i',
            fg: None,
            bg: None,
            bold: false,
            reversed: false,
            underlined: false,
        },
        StyledCell {
            ch: 'n',
            fg: None,
            bg: None,
            bold: false,
            reversed: false,
            underlined: false,
        },
        StyledCell {
            ch: 't',
            fg: None,
            bg: None,
            bold: false,
            reversed: false,
            underlined: false,
        },
        StyledCell {
            ch: 'f',
            fg: None,
            bg: None,
            bold: false,
            reversed: false,
            underlined: false,
        },
        StyledCell {
            ch: ' ',
            fg: None,
            bg: None,
            bold: false,
            reversed: false,
            underlined: false,
        },
        StyledCell {
            ch: '\'',
            fg: None,
            bg: None,
            bold: false,
            reversed: false,
            underlined: false,
        },
        StyledCell {
            ch: '\\',
            fg: None,
            bg: None,
            bold: false,
            reversed: false,
            underlined: false,
        },
        StyledCell {
            ch: '0',
            fg: None,
            bg: None,
            bold: false,
            reversed: false,
            underlined: false,
        },
        StyledCell {
            ch: '3',
            fg: None,
            bg: None,
            bold: false,
            reversed: false,
            underlined: false,
        },
        StyledCell {
            ch: '3',
            fg: None,
            bg: None,
            bold: false,
            reversed: false,
            underlined: false,
        },
        StyledCell {
            ch: '[',
            fg: None,
            bg: None,
            bold: false,
            reversed: false,
            underlined: false,
        },
        StyledCell {
            ch: '3',
            fg: None,
            bg: None,
            bold: false,
            reversed: false,
            underlined: false,
        },
        StyledCell {
            ch: '8',
            fg: None,
            bg: None,
            bold: false,
            reversed: false,
            underlined: false,
        },
        StyledCell {
            ch: ';',
            fg: None,
            bg: None,
            bold: false,
            reversed: false,
            underlined: false,
        },
        StyledCell {
            ch: '5',
            fg: None,
            bg: None,
            bold: false,
            reversed: false,
            underlined: false,
        },
        StyledCell {
            ch: ';',
            fg: None,
            bg: None,
            bold: false,
            reversed: false,
            underlined: false,
        },
        StyledCell {
            ch: '1',
            fg: None,
            bg: None,
            bold: false,
            reversed: false,
            underlined: false,
        },
        StyledCell {
            ch: '1',
            fg: None,
            bg: None,
            bold: false,
            reversed: false,
            underlined: false,
        },
        StyledCell {
            ch: '7',
            fg: None,
            bg: None,
            bold: false,
            reversed: false,
            underlined: false,
        },
        StyledCell {
            ch: 'm',
            fg: None,
            bg: None,
            bold: false,
            reversed: false,
            underlined: false,
        },
        StyledCell {
            ch: 'h',
            fg: None,
            bg: None,
            bold: false,
            reversed: false,
            underlined: false,
        },
        StyledCell {
            ch: 'e',
            fg: None,
            bg: None,
            bold: false,
            reversed: false,
            underlined: false,
        },
        StyledCell {
            ch: 'l',
            fg: None,
            bg: None,
            bold: false,
            reversed: false,
            underlined: false,
        },
        StyledCell {
            ch: 'l',
            fg: None,
            bg: None,
            bold: false,
            reversed: false,
            underlined: false,
        },
        StyledCell {
            ch: 'o',
            fg: None,
            bg: None,
            bold: false,
            reversed: false,
            underlined: false,
        },
        StyledCell {
            ch: '\\',
            fg: None,
            bg: None,
            bold: false,
            reversed: false,
            underlined: false,
        },
        StyledCell {
            ch: '0',
            fg: None,
            bg: None,
            bold: false,
            reversed: false,
            underlined: false,
        },
        StyledCell {
            ch: '3',
            fg: None,
            bg: None,
            bold: false,
            reversed: false,
            underlined: false,
        },
        StyledCell {
            ch: '3',
            fg: None,
            bg: None,
            bold: false,
            reversed: false,
            underlined: false,
        },
        StyledCell {
            ch: '[',
            fg: None,
            bg: None,
            bold: false,
            reversed: false,
            underlined: false,
        },
        StyledCell {
            ch: '0',
            fg: None,
            bg: None,
            bold: false,
            reversed: false,
            underlined: false,
        },
        StyledCell {
            ch: 'm',
            fg: None,
            bg: None,
            bold: false,
            reversed: false,
            underlined: false,
        },
        StyledCell {
            ch: '\\',
            fg: None,
            bg: None,
            bold: false,
            reversed: false,
            underlined: false,
        },
        StyledCell {
            ch: 'n',
            fg: None,
            bg: None,
            bold: false,
            reversed: false,
            underlined: false,
        },
        StyledCell {
            ch: '\\',
            fg: None,
            bg: None,
            bold: false,
            reversed: false,
            underlined: false,
        },
        StyledCell {
            ch: '0',
            fg: None,
            bg: None,
            bold: false,
            reversed: false,
            underlined: false,
        },
        StyledCell {
            ch: '3',
            fg: None,
            bg: None,
            bold: false,
            reversed: false,
            underlined: false,
        },
        StyledCell {
            ch: '3',
            fg: None,
            bg: None,
            bold: false,
            reversed: false,
            underlined: false,
        },
    ],
    [
        StyledCell {
            ch: '[',
            fg: None,
            bg: None,
            bold: false,
            reversed: false,
            underlined: false,
        },
        StyledCell {
            ch: '3',
            fg: None,
            bg: None,
            bold: false,
            reversed: false,
            underlined: false,
        },
        StyledCell {
            ch: '8',
            fg: None,
            bg: None,
            bold: false,
            reversed: false,
            underlined: false,
        },
        StyledCell {
            ch: ';',
            fg: None,
            bg: None,
            bold: false,
            reversed: false,
            underlined: false,
        },
        StyledCell {
            ch: '5',
            fg: None,
            bg: None,
            bold: false,
            reversed: false,
            underlined: false,
        },
        StyledCell {
            ch: ';',
            fg: None,
            bg: None,
            bold: false,
            reversed: false,
            underlined: false,
        },
        StyledCell {
            ch: '1',
            fg: None,
            bg: None,
            bold: false,
            reversed: false,
            underlined: false,
        },
        StyledCell {
            ch: '8',
            fg: None,
            bg: None,
            bold: false,
            reversed: false,
            underlined: false,
        },
        StyledCell {
            ch: '0',
            fg: None,
            bg: None,
            bold: false,
            reversed: false,
            underlined: false,
        },
        StyledCell {
            ch: 'm',
            fg: None,
            bg: None,
            bold: false,
            reversed: false,
            underlined: false,
        },
        StyledCell {
            ch: 'w',
            fg: None,
            bg: None,
            bold: false,
            reversed: false,
            underlined: false,
        },
        StyledCell {
            ch: 'o',
            fg: None,
            bg: None,
            bold: false,
            reversed: false,
            underlined: false,
        },
        StyledCell {
            ch: 'r',
            fg: None,
            bg: None,
            bold: false,
            reversed: false,
            underlined: false,
        },
        StyledCell {
            ch: 'l',
            fg: None,
            bg: None,
            bold: false,
            reversed: false,
            underlined: false,
        },
        StyledCell {
            ch: 'd',
            fg: None,
            bg: None,
            bold: false,
            reversed: false,
            underlined: false,
        },
        StyledCell {
            ch: '\\',
            fg: None,
            bg: None,
            bold: false,
            reversed: false,
            underlined: false,
        },
        StyledCell {
            ch: '0',
            fg: None,
            bg: None,
            bold: false,
            reversed: false,
            underlined: false,
        },
        StyledCell {
            ch: '3',
            fg: None,
            bg: None,
            bold: false,
            reversed: false,
            underlined: false,
        },
        StyledCell {
            ch: '3',
            fg: None,
            bg: None,
            bold: false,
            reversed: false,
            underlined: false,
        },
        StyledCell {
            ch: '[',
            fg: None,
            bg: None,
            bold: false,
            reversed: false,
            underlined: false,
        },
        StyledCell {
            ch: '0',
            fg: None,
            bg: None,
            bold: false,
            reversed: false,
            underlined: false,
        },
        StyledCell {
            ch: 'm',
            fg: None,
            bg: None,
            bold: false,
            reversed: false,
            underlined: false,
        },
        StyledCell {
            ch: '\\',
            fg: None,
            bg: None,
            bold: false,
            reversed: false,
            underlined: false,
        },
        StyledCell {
            ch: 'n',
            fg: None,
            bg: None,
            bold: false,
            reversed: false,
            underlined: false,
        },
        StyledCell {
            ch: '\'',
            fg: None,
            bg: None,
            bold: false,
            reversed: false,
            underlined: false,
        },
        StyledCell {
            ch: ' ',
            fg: None,
            bg: None,
            bold: false,
            reversed: false,
            underlined: false,
        },
        StyledCell {
            ch: ' ',
            fg: None,
            bg: None,
            bold: false,
            reversed: false,
            underlined: false,
        },
        StyledCell {
            ch: ' ',
            fg: None,
            bg: None,
            bold: false,
            reversed: false,
            underlined: false,
        },
        StyledCell {
            ch: ' ',
            fg: None,
            bg: None,
            bold: false,
            reversed: false,
            underlined: false,
        },
        StyledCell {
            ch: ' ',
            fg: None,
            bg: None,
            bold: false,
            reversed: false,
            underlined: false,
        },
        StyledCell {
            ch: ' ',
            fg: None,
            bg: None,
            bold: false,
            reversed: false,
            underlined: false,
        },
        StyledCell {
            ch: ' ',
            fg: None,
            bg: None,
            bold: false,
            reversed: false,
            underlined: false,
        },
        StyledCell {
            ch: ' ',
            fg: None,
            bg: None,
            bold: false,
            reversed: false,
            underlined: false,
        },
        StyledCell {
            ch: ' ',
            fg: None,
            bg: None,
            bold: false,
            reversed: false,
            underlined: false,
        },
        StyledCell {
            ch: ' ',
            fg: None,
            bg: None,
            bold: false,
            reversed: false,
            underlined: false,
        },
        StyledCell {
            ch: ' ',
            fg: None,
            bg: None,
            bold: false,
            reversed: false,
            underlined: false,
        },
        StyledCell {
            ch: ' ',
            fg: None,
            bg: None,
            bold: false,
            reversed: false,
            underlined: false,
        },
        StyledCell {
            ch: ' ',
            fg: None,
            bg: None,
            bold: false,
            reversed: false,
            underlined: false,
        },
        StyledCell {
            ch: ' ',
            fg: None,
            bg: None,
            bold: false,
            reversed: false,
            underlined: false,
        },
        StyledCell {
            ch: ' ',
            fg: None,
            bg: None,
            bold: false,
            reversed: false,
            underlined: false,
        },
    ],
    [
        StyledCell {
            ch: ']',
            fg: None,
            bg: None,
            bold: false,
            reversed: false,
            underlined: false,
        },
        StyledCell {
            ch: ']',
            fg: None,
            bg: None,
            bold: false,
            reversed: false,
            underlined: false,
        },
        StyledCell {
            ch: ']',
            fg: None,
            bg: None,
            bold: false,
            reversed: false,
            underlined: false,
        },
        StyledCell {
            ch: ']',
            fg: None,
            bg: None,
            bold: false,
            reversed: false,
            underlined: false,
        },
        StyledCell {
            ch: '\'',
            fg: None,
            bg: None,
            bold: false,
            reversed: false,
            underlined: false,
        },
        StyledCell {
            ch: ' ',
            fg: None,
            bg: None,
            bold: false,
            reversed: false,
            underlined: false,
        },
        StyledCell {
            ch: ' ',
            fg: None,
            bg: None,
            bold: false,
            reversed: false,
            underlined: false,
        },
        StyledCell {
            ch: ' ',
            fg: None,
            bg: None,
            bold: false,
            reversed: false,
            underlined: false,
        },
        StyledCell {
            ch: ' ',
            fg: None,
            bg: None,
            bold: false,
            reversed: false,
            underlined: false,
        },
        StyledCell {
            ch: ' ',
            fg: None,
            bg: None,
            bold: false,
            reversed: false,
            underlined: false,
        },
        StyledCell {
            ch: ' ',
            fg: None,
            bg: None,
            bold: false,
            reversed: false,
            underlined: false,
        },
        StyledCell {
            ch: ' ',
            fg: None,
            bg: None,
            bold: false,
            reversed: false,
            underlined: false,
        },
        StyledCell {
            ch: ' ',
            fg: None,
            bg: None,
            bold: false,
            reversed: false,
            underlined: false,
        },
        StyledCell {
            ch: ' ',
            fg: None,
            bg: None,
            bold: false,
            reversed: false,
            underlined: false,
        },
        StyledCell {
            ch: ' ',
            fg: None,
            bg: None,
            bold: false,
            reversed: false,
            underlined: false,
        },
        StyledCell {
            ch: ' ',
            fg: None,
            bg: None,
            bold: false,
            reversed: false,
            underlined: false,
        },
        StyledCell {
            ch: ' ',
            fg: None,
            bg: None,
            bold: false,
            reversed: false,
            underlined: false,
        },
        StyledCell {
            ch: ' ',
            fg: None,
            bg: None,
            bold: false,
            reversed: false,
            underlined: false,
        },
        StyledCell {
            ch: ' ',
            fg: None,
            bg: None,
            bold: false,
            reversed: false,
            underlined: false,
        },
        StyledCell {
            ch: ' ',
            fg: None,
            bg: None,
            bold: false,
            reversed: false,
            underlined: false,
        },
        StyledCell {
            ch: ' ',
            fg: None,
            bg: None,
            bold: false,
            reversed: false,
            underlined: false,
        },
        StyledCell {
            ch: ' ',
            fg: None,
            bg: None,
            bold: false,
            reversed: false,
            underlined: false,
        },
        StyledCell {
            ch: ' ',
            fg: None,
            bg: None,
            bold: false,
            reversed: false,
            underlined: false,
        },
        StyledCell {
            ch: ' ',
            fg: None,
            bg: None,
            bold: false,
            reversed: false,
            underlined: false,
        },
        StyledCell {
            ch: ' ',
            fg: None,
            bg: None,
            bold: false,
            reversed: false,
            underlined: false,
        },
        StyledCell {
            ch: ' ',
            fg: None,
            bg: None,
            bold: false,
            reversed: false,
            underlined: false,
        },
        StyledCell {
            ch: ' ',
            fg: None,
            bg: None,
            bold: false,
            reversed: false,
            underlined: false,
        },
        StyledCell {
            ch: ' ',
            fg: None,
            bg: None,
            bold: false,
            reversed: false,
            underlined: false,
        },
        StyledCell {
            ch: ' ',
            fg: None,
            bg: None,
            bold: false,
            reversed: false,
            underlined: false,
        },
        StyledCell {
            ch: ' ',
            fg: None,
            bg: None,
            bold: false,
            reversed: false,
            underlined: false,
        },
        StyledCell {
            ch: ' ',
            fg: None,
            bg: None,
            bold: false,
            reversed: false,
            underlined: false,
        },
        StyledCell {
            ch: ' ',
            fg: None,
            bg: None,
            bold: false,
            reversed: false,
            underlined: false,
        },
        StyledCell {
            ch: ' ',
            fg: None,
            bg: None,
            bold: false,
            reversed: false,
            underlined: false,
        },
        StyledCell {
            ch: ' ',
            fg: None,
            bg: None,
            bold: false,
            reversed: false,
            underlined: false,
        },
        StyledCell {
            ch: ' ',
            fg: None,
            bg: None,
            bold: false,
            reversed: false,
            underlined: false,
        },
        StyledCell {
            ch: ' ',
            fg: None,
            bg: None,
            bold: false,
            reversed: false,
            underlined: false,
        },
        StyledCell {
            ch: ' ',
            fg: None,
            bg: None,
            bold: false,
            reversed: false,
            underlined: false,
        },
        StyledCell {
            ch: ' ',
            fg: None,
            bg: None,
            bold: false,
            reversed: false,
            underlined: false,
        },
        StyledCell {
            ch: ' ',
            fg: None,
            bg: None,
            bold: false,
            reversed: false,
            underlined: false,
        },
        StyledCell {
            ch: ' ',
            fg: None,
            bg: None,
            bold: false,
            reversed: false,
            underlined: false,
        },
    ],
]
